[Message:   BepInEx] BepInEx 5.4.21.0 - Koikatu (5/14/2019 11:32:48 PM)
[Info   :   BepInEx] Running under Unity v5.6.2.10654012
[Info   :   BepInEx] CLR runtime version: 2.0.50727.1433
[Info   :   BepInEx] Supports SRE: True
[Info   :   BepInEx] System platform: Bits64, Windows
[Message:   BepInEx] Preloader started
[Info   :   BepInEx] Loaded 1 patcher method from [BepInEx.Preloader 5.4.21.0]
[Info   :   BepInEx] Loaded 1 patcher method from [DemystifyExceptions 1.1.0.0]
[Info   :   BepInEx] Loaded 1 patcher method from [KK_ExtensibleSaveFormat_Patcher 0.0.0.0]
[Info   :   BepInEx] Loaded 1 patcher method from [KK_SFW_Patcher 1.0.1.0]
[Info   :   BepInEx] 4 patcher plugins loaded
[Info   :   BepInEx] Patching [UnityEngine] with [BepInEx.Chainloader]
[Info   :   BepInEx] Patching [Assembly-CSharp] with [ExtensibleSaveFormat.Patcher]
[Info   :   BepInEx] Patching [UnityEngine] with [SFWmod.SfwPatcher]
[Info   :   Console] [KK_SFW] Disabling KK_SFW plugin
[Message:   BepInEx] Preloader finished
[Message:   BepInEx] Chainloader ready
[Message:   BepInEx] Chainloader started
[Info   :   BepInEx] 211 plugins to load
[Info   :   BepInEx] Loading [Extended Save 19.1]
[Info   :   BepInEx] Loading [XUnity Resource Redirector 2.0.0]
[Info   :   BepInEx] Loading [Sideloader 19.1]
[Info   :Sideloader] Found 4068 zip/zipmod files in directory [K:\koikatsu v17\[ScrewThisNoise] Koikatsu BetterRepack RX17\mods] in 208ms
[Info   :Sideloader] Skipping archive "Sideloader Modpack - KK_UncensorSelector\[anon] SAC_Uncensor_Selector_Pack v0.0.2.zipmod" because it's meant for Koikatsu Sunshine
[Info   :Sideloader] Successfully loaded 4059 mods out of 4068 archives in 92665ms
[Info   :   BepInEx] Loading [MoreAccessories 2.0.21]
[Info   :   BepInEx] Loading [Modding API 1.35]
[Info   :   BepInEx] Loading [Accessory Parents 1.6]
[Info   :   BepInEx] Loading [Accessory Shortcuts 1.6]
[Info   :   BepInEx] Loading [Accessory States 1.6]
[Info   :   BepInEx] Loading [Additional Card Info 1.5]
[Info   :   BepInEx] Loading [Accessory Themes 1.6]
[Info   :   BepInEx] Loading [Skin Overlay Mod 6.1]
[Info   :   BepInEx] Loading [Uncensor Selector 3.11.6]
[Info   :   BepInEx] Loading [Mod Bone Implantor 1.1.2]
[Info   :   BepInEx] Loading [KK Better Penetration 4.5.5.0]
[Info   :   BepInEx] Loading [Autostart 1.1]
[Info   :   BepInEx] Loading [Enable Full Screen Toggle 1.0]
[Info   :   BepInEx] Loading [Enable Resize 1.5]
[Info   :   BepInEx] Loading [Input Hotkey Block 1.4]
[Info   :   BepInEx] Loading [Mute In Background 1.1]
[Info   :   BepInEx] Loading [Optimize IMGUI GC allocations 1.0]
[Info   :   BepInEx] Loading [KKABMX (BonemodX) 5.0.5]
[Info   :   BepInEx] Loading [Bulge in the pants, tent in the woods 1.0.2]
[Info   :   BepInEx] Loading [Card Update Tool 1.2]
[Info   :   BepInEx] Loading [Runtime Unity Editor 4.2]
[Info   :   BepInEx] Loading [Cheat Tools 3.2.1]
[Info   :   BepInEx] Loading [Cloth colliders support 1.1]
[Info   :   BepInEx] Loading [Clothes To Accessories 1.0.2]
[Info   :   BepInEx] Loading [Clothing State Menu 3.1]
[Info   :   BepInEx] Loading [Color Filter Remover 19.1]
[Info   :   BepInEx] Loading [Configuration Manager 17.1]
[Info   :   BepInEx] Loading [Input Length Unlocker 19.1]
[Info   :   BepInEx] Loading [Screenshot Manager 19.1]
[Info   :   BepInEx] Loading [Slider Unlocker 19.1]
[Info   :   BepInEx] Loading [BGM Loader 19.1]
[Info   :   BepInEx] Loading [Message Center 1.1.1]
[Info   :   BepInEx] Loading [KK Uniform Uniforms 1.1]
[Info   :   BepInEx] Loading [Accessory Clothes 1.0.2]
[Info   :   BepInEx] Loading [Autosave 1.1.1]
[Info   :   BepInEx] Loading [Character Export 1.0]
[Info   :   BepInEx] Loading [Character Maker Loaded Sound 1.0]
[Info   :   BepInEx] Loading [Clothing Unlocker 2.0.2]
[Info   :   BepInEx] Loading [Colliders 1.2]
[Info   :   BepInEx] Loading [Dynamic Bone Editor 1.0.5]
[Info   :   BepInEx] Loading [Eye Control 1.0.1]
[Info   :   BepInEx] Loading [Eye Shaking 1.3.1]
[Info   :   BepInEx] Loading [Fade Adjuster 1.0.3]
[Info   :   BepInEx] Loading [Free H Random 1.4]
[Info   :   BepInEx] Loading [Hair Accessory Customizer 1.1.7]
[Info   :   BepInEx] Loading [H Character Adjustment 2.0]
[Info   :   BepInEx] Loading [Invisible Body 1.4]
[Info   :   BepInEx] Loading [Item Blacklist 1.1]
[Info   :   BepInEx] Loading [Lighting Tweaks 1.0.1]
[Info   :   BepInEx] Loading [List Override 1.0]
[Info   :   BepInEx] Loading [Maker Defaults 1.1]
[Info   :   BepInEx] Loading [Male Juice 1.3]
[Info   :   BepInEx] Loading [Material Editor 3.1.21]
[Info   :   BepInEx] Loading [Material Editor Maker 3.1.21]
[Info   :   BepInEx] Loading [More Outfit Slots 1.1.2]
[Info   :   BepInEx] Loading [Profile 1.0.3]
[Info   :   BepInEx] Loading [Pushup 1.3.2]
[Info   :   BepInEx] Loading [Random Character Generator 2.0]
[Info   :   BepInEx] Loading [Reload Character List On Change 1.5.2]
[Info   :   BepInEx] Loading [Shader Swapper 1.3]
[Info   :   BepInEx] Loading [Subtitles 2.3.2]
[Info   :   BepInEx] Loading [XUnity Auto Translator 5.1.0]
[Info   :XUnity.Common] Loaded XUnity.AutoTranslator into Unity [5.6.2f1] game.
[Info   :   BepInEx] Loading [Text Resource Redirector 1.4.4]
[Info   :Text Resource Redirector] IllusionMods.ExcelDataHandler enabled
[Info   :Text Resource Redirector] IllusionMods.ScenarioDataHandler enabled
[Info   :Text Resource Redirector] IllusionMods.TextAssetTableHandler enabled
[Info   :Text Resource Redirector] IllusionMods.ChaListDataHandler enabled
[Info   :Text Resource Redirector] IllusionMods.NickNameHandler enabled
[Info   :Text Resource Redirector] IllusionMods.MapInfoHandler enabled
[Info   :Text Resource Redirector] IllusionMods.EventInfoHandler enabled
[Info   :Text Resource Redirector] IllusionMods.MakerCustomDataHandler enabled
[Info   :   BepInEx] Loading [Dress for Success 1.2.0.3]
[Info   :   BepInEx] Loading [GeBo Modding API 1.2.0.1]
[Info   :   BepInEx] Loading [Translation Cache Cleaner 0.6.0.3]
[Info   :   BepInEx] Loading [Translation Helper 1.1.1.0]
[Info   :   BepInEx] Loading [Random Name Provider 2.0.1]
[Info   :   BepInEx] Loading [Clothes Overlay Mod 6.1]
[Info   :   BepInEx] Loading [Coordinate Load Option 21.1.4.0]
[Info   :   BepInEx] Loading [Plugin List Tool 20.8.5.0]
[Info   :   BepInEx] Loading [Studio Auto Close Loading Scene Window 20.8.5.0]
[Info   :   BepInEx] Loading [ColllidersDebug 1.0.0]
[Info   :   BepInEx] Loading [KKUS 1.12.0]
[Info   :   BepInEx] Loading [KK_MakerAnimatePoseToggle 1.1.0]
[Info   :   BepInEx] Loading [Animation Loader 1.1.3.0]
[Info   :   BepInEx] Loading [Dynamic Bones Fix 20.2]
[Info   :   BepInEx] Loading [Guide Objects Fix 20.2]
[Info   :   BepInEx] Loading [Hair Shadows Fix 20.2]
[Info   :   BepInEx] Loading [HeightBarX 3.3]
[Info   :   BepInEx] Loading [Character Replacer 1.6.3]
[Info   :   BepInEx] Loading [Intro Begone 1.1]
[Info   :   BepInEx] Loading [Clothes Overlay Mod GUI 6.1]
[Info   :   BepInEx] Loading [Anime Ass Assistant 1.0.1.0]
[Info   :   BepInEx] Loading [CameraFrameMask 1.1.0.0]
[Info   :   BepInEx] Loading [ClothingStateMenuX 1.0.3.0]
[Info   :   BepInEx] Loading [Drag & Drop 1.2.7]
[Info   :   BepInEx] Loading [FreeH Defaults 2.0.0.0]
[Info   :   BepInEx] Loading [Graphics Settings 1.2.1]
[Info   :   BepInEx] Loading [HideAllUI 2.3.2]
[Info   :   BepInEx] Loading [LockOnPlugin 2.6.3.0]
[Info   :   BepInEx] Loading [MakerBridge 1.0.3.0]
[Info   :   BepInEx] Loading [MaterialLink 1.0.0.0]
[Info   :   BepInEx] Loading [RealPOV 1.3.0.0]
[Info   :   BepInEx] Loading [Title Shortcuts 1.3.0.0]
[Info   :   BepInEx] Loading [ADV Scene Editor 1.1]
[Info   :   BepInEx] Loading [KK_Ahegao 1.12]
[Info   :   BepInEx] Loading [Configuration Manager wrapper for Koikatsu 19.1]
[Info   :   BepInEx] Loading [Centered HScene Cursor 20.2]
[Info   :   BepInEx] Loading [Character List Optimizations 20.2]
[Info   :   BepInEx] Loading [Game and Studio Data Corruption Fixes 20.2]
[Info   :   BepInEx] Loading [Fix Shader Dropdown Menu 20.2]
[Info   :   BepInEx] Loading [Eyebrow Outline Fix 20.2]
[Info   :   BepInEx] Loading [KK_Fix_GarbageTruck 20.2]
[Info   :   BepInEx] Loading [Character Maker Heterochromia Fix 20.2]
[Info   :   BepInEx] Loading [Main Game Optimizations 20.2]
[Info   :   BepInEx] Loading [Maker Optimizations 20.2]
[Info   :   BepInEx] Loading [Manifest Corrector 20.2]
[Info   :   BepInEx] Loading [Head Fix 20.2]
[Info   :   BepInEx] Loading [Null Checks 20.2]
[Info   :   BepInEx] Loading [Party Card Compatibility 20.2]
[Info   :   BepInEx] Loading [Personality Corrector 20.2]
[Info   :   BepInEx] Loading [Resource Unload Optimizations 20.2]
[Info   :   BepInEx] Loading [Restore missing functions 20.2]
[Info   :   BepInEx] Loading [Settings Fix 20.2]
[Info   :   BepInEx] Loading [Shower Accessories Fix 20.2]
[Info   :   BepInEx] Loading [KK_HLightControl 1.2.5]
[Info   :   BepInEx] Loading [KK_MakerAdditions 1.0.0]
[Info   :   BepInEx] Loading [KK_MakerRandomPicker 1.2.0]
[Info   :   BepInEx] Loading [KK_MakerSearch 1.5.0]
[Info   :   BepInEx] Loading [Moan softly when I H you 1.0.1]
[Info   :   BepInEx] Loading [Add mobs to roam mode 3.0]
[Info   :   BepInEx] Loading [KK_Pregnancy 2.7]
[Info   :   BepInEx] Loading [KK_PregnancyPlus 6.3.3]
[Info   :   BepInEx] Loading [KK_TalkFreeCamera 1.0.0]
[Info   :   BepInEx] Loading [KK_CharaLightDisabler 1.0.1]
[Info   :   BepInEx] Loading [Expand Male Maker 1.1]
[Info   :   BepInEx] Loading [Skin Overlay Mod GUI 6.1]
[Info   :   BepInEx] Loading [Additional Skin Effects 1.9]
[Info   :   BepInEx] Loading [LewdCrestX 1.4]
[Info   :   BepInEx] Loading [FPS Counter 3.1]
[Info   :   BepInEx] Loading [Card Author Data 1.35]
[Info   :   BepInEx] Loading [Koikatsu: Become Trap 2.2.1]
[Info   :   BepInEx] Loading [Better Color Picker 2.0.1]
[Info   :   BepInEx] Loading [Maker/Studio Browser Folders 2.6.2]
[Info   :   BepInEx] Loading [More Accessory Parents 2.0.1]
[Info   :   BepInEx] Loading [Remove Cards To Recycle Bin 1.2]
[Info   :   BepInEx] Loading [HSceneOptions 3.2.1]
[Info   :   BepInEx] Loading [AdvIKPlugin 1.7.1]
[Info   :   BepInEx] Loading [KK_EditFangs 1.1.0]
[Info   :   BepInEx] Loading [KK_MakerCameraPresets 1.0.1]
[Info   :   BepInEx] Loading [PantyFairy 1.0.2]
[Info   :   BepInEx] Loading [Random Name Provider Compat 2.0.1]
[Info   :   BepInEx] Loading [Sex Faces 1.1.1]
[Info   :   BepInEx] Loading [SliderHighlight 2.2]
[Info   :   BepInEx] Loading [WarpToCharacters 1.1.1]
[Message:   BepInEx] Chainloader startup complete
[Info   :Runtime Unity Editor] Successfully initialized 12/12 features: CursorUnlocker, WireframeFeature, WindowManager, MouseInspect, ReplWindow, ObjectViewWindow, ProfilerWindow, ObjectTreeViewer, Inspector, ClipboardWindow, DnSpyHelper, GizmoDrawer
[Info   :Cloth colliders support] Found collider datas for 1 items
[Info, Debug:Animation Loader] 0011: Manifest guid=kpluganim version=1.5 author=[katarsys] minimum version=1.1.3 AnimationLoader version=1.1.3.0
[Info   :KK_Pregnancy] Loaded features: 
[Info   :XUnity.Common] Scanning for plugins to hook for translations...
[Info   :Intro Begone] Skipping intro
[Info   :Modding API] Duplicate custom subcategory was added: 03_ClothesTop / tglSettings The duplicate will be ignored.
[Info   :Modding API] Duplicate custom subcategory was added: 03_ClothesTop / tglSettings The duplicate will be ignored.
[Info   :Coordinate Load Option] Found XUnityAutoTranslator Enabled, load English UI
